---
http_interactions:
- request:
    method: get
    uri: http://partner-feed.stubhub.com/listingCatalog/select/?q=geoId:%2281989%22%20AND%20stubhubDocumentType:%22geo%22&rows=1&wt=json
    body:
      encoding: US-ASCII
      string: ''
    headers:
      Accept-Encoding:
      - gzip;q=1.0,deflate;q=0.6,identity;q=0.3
      Accept:
      - "*/*"
      User-Agent:
      - Ruby
      Host:
      - partner-feed.stubhub.com
  response:
    status:
      code: 200
      message: OK
    headers:
      Server:
      - Apache
      Cache-Control:
      - max-age=7200
      - no-cache
      Last-Modified:
      - Sun, 14 Sep 2014 18:44:07 GMT
      Content-Length:
      - '2499'
      Expires:
      - Sun, 14 Sep 2014 20:44:28 GMT
      Content-Type:
      - application/json;charset=UTF-8
      Date:
      - Sun, 14 Sep 2014 18:44:28 GMT
      Connection:
      - keep-alive
      Set-Cookie:
      - DC=origin3;expires=Sun, 14-Sep-2014 19:14:28 GMT;path=/;domain=stubhub.com;
      - TLTHID=284BD05A3C3F103CE80DCA5CCA10BFCC; Path=/; Domain=.stubhub.com
      - TLTSID=284BD05A3C3F103CE80DCA5CCA10BFCC; Path=/; Domain=.stubhub.com
    body:
      encoding: UTF-8
      string: |
        {"responseHeader":{"status":0,"QTime":5,"params":{"q":"geoId:\"81989\" AND stubhubDocumentType:\"geo\"","wt":"json","rows":"1"}},"response":{"numFound":1,"start":0,"docs":[{"stubhubDocumentType":"geo","stubhubDocumentId":"geo-81989","active":"1","deleted":"0","description":"Bob Hope Theatre","desc_sort":"Bob Hope Theatre","geoId":"81989","id":"81989","hidden":"0","ancestorGeoIds":"81989 81 4 196976 0","ancestorKeywords":"Bob Hope Theatre seating chart box office address capacity floor plan best seats images parking directions to details information restaurants SF Bay Area event ticketsSF Bay Area Venues events in SF Bay Areatickets for events in SF Bay Area sfbay sf s.f. bay California event ticketsCalifornia Venues events in Californiatickets for events in California ca cali cal United States event tickets United States Venues events in United States tickets for events in United States event tickets by city","categoryType":"geo","channel":"United States","channelId":"196976","channelUrlPath":"united-states-tickets","do_not_display_flag":"0","event_types":"clubs-bars-theater-venues","fullDescription":"SF Bay Area, California in Bob Hope Theatre","isValidCategorySearchResult":"1","keywords":"Bob Hope Theatre seating chart, box office, address, capacity, floor plan, best seats, images, parking, directions to, details, information, restaurants","leaf":"true","localeDescription":"SF Bay Area, California","meta_description":"All the information you need on Bob Hope Theatre, like seating charts, directions, box office, address. Find nearby parking, restaurants and hotels near Bob Hope Theatre on StubHub!","name_primary":"Bob Hope Theatre","name_secondary":"Bob Hope Theatre","parent_id":"81","season_venue_flag":"0","seo_description":"Bob Hope Theatre","seo_title":"Bob Hope Theatre","threeLevelsUpIds":"81989 81 4","title":"Bob Hope Theatre - Info and Details - StubHub!","urlpath":"bob-hope-theatre-event-tickets","urlpathid":"123778","ancestorDescription":"Bob Hope Theatre SF Bay Area California United States By Geography","date_last_modified":"2013-04-17T18:13:11Z","locale":["en_US"],"venueDetailUrlPath":"bob-hope-theatre","venueDetailUrlPathId":"2069426","nodeType":"Venue","ancestorGeoPath":"196976/4/81","ancestorVenuePath":"81989","ancestorGeoDescriptions":["United States","California","SF Bay Area"],"ancestorGeoUrls":["united-states-tickets","california-tickets","sf-bay-tickets"],"dateLastIndexed":"2014-09-14T12:46:26.291Z","_version_":1479224892808232960}]}}
    http_version: 
  recorded_at: Sun, 14 Sep 2014 18:44:28 GMT
- request:
    method: get
    uri: http://partner-feed.stubhub.com/listingCatalog/select/?q=description:%22Hawaii%22%20AND%20stubhubDocumentType:%22geo%22&rows=2&wt=json
    body:
      encoding: US-ASCII
      string: ''
    headers:
      Accept-Encoding:
      - gzip;q=1.0,deflate;q=0.6,identity;q=0.3
      Accept:
      - "*/*"
      User-Agent:
      - Ruby
      Host:
      - partner-feed.stubhub.com
  response:
    status:
      code: 200
      message: OK
    headers:
      Server:
      - Apache
      Last-Modified:
      - Sun, 14 Sep 2014 18:44:05 GMT
      Content-Length:
      - '4149'
      Expires:
      - Sun, 14 Sep 2014 20:44:28 GMT
      Content-Type:
      - application/json;charset=UTF-8
      Cache-Control:
      - max-age=7200, public
      Date:
      - Sun, 14 Sep 2014 18:44:28 GMT
      Connection:
      - keep-alive
      Set-Cookie:
      - DC=origin1;expires=Sun, 14-Sep-2014 19:14:28 GMT;path=/;domain=stubhub.com;
      - TLTHID=286862883C3F103CB67AF9D0193534CE; Path=/; Domain=.stubhub.com
      - TLTSID=286862883C3F103CB67AF9D0193534CE; Path=/; Domain=.stubhub.com
    body:
      encoding: UTF-8
      string: |
        {"responseHeader":{"status":0,"QTime":1,"params":{"q":"description:\"Hawaii\" AND stubhubDocumentType:\"geo\"","wt":"json","rows":"2"}},"response":{"numFound":5,"start":0,"docs":[{"stubhubDocumentType":"geo","stubhubDocumentId":"geo-421","active":"1","deleted":"0","description":"Hawaii","desc_sort":"Hawaii","geoId":"421","id":"421","hidden":"0","childId":"422 33782 79798","ancestorGeoIds":"421 196976 0","ancestorKeywords":"Hawaii event ticketsHawaii Venues events in Hawaiitickets for events in Hawaii ha hai United States event tickets United States Venues events in United States tickets for events in United States event tickets by city","categoryType":"geo","channel":"United States","channelId":"196976","channelUrlPath":"united-states-tickets","do_not_display_flag":"1","fullDescription":"United States, By Geography in Hawaii","isValidCategorySearchResult":"1","keywords":"Hawaii event tickets,Hawaii Venues, events in Hawaii,tickets for events in Hawaii, ha, hai,","leaf":"false","localeDescription":"United States, By Geography","meta_description":"Hawaii event tickets - Buy and sell tickets to events in Hawaii. You can find event tickets to different venues in Hawaii at StubHub!","name_primary":"Hawaii","parent_id":"196976","season_venue_flag":"0","seo_description":"Hawaii Venues","seo_title":"Hawaii Event Tickets","threeLevelsUpIds":"421 196976 0","title":"Hawaii Event Tickets","urlpath":"hawaii-tickets","urlpathid":"49667","ancestorDescription":"Hawaii United States By Geography","date_last_modified":"2013-04-17T18:13:11Z","locale":["en_US"],"geography_meta_description":"Hawaii","venueDetailUrlPath":"hawaii","venueDetailUrlPathId":"2069516","nodeType":"Geo","ancestorGeoPath":"196976/421","ancestorGeoDescriptions":["United States","Hawaii"],"ancestorGeoUrls":["united-states-tickets","hawaii-tickets"],"dateLastIndexed":"2014-09-13T12:40:02.993Z","_version_":1479133891798237185},{"stubhubDocumentType":"geo","stubhubDocumentId":"geo-155125","active":"1","deleted":"0","description":"Hawaii Theatre","desc_sort":"Hawaii Theatre","geoId":"155125","id":"155125","hidden":"0","ancestorGeoIds":"155125 422 421 196976 0","ancestorKeywords":"Hawaii Theatre TicketsHawaii Theatre event ticketsHawaii Theatre schedule buy sell ticket Hawaii Theatre - Honolulu Honolulu event ticketsHonolulu Venues events in Honolulutickets for events in Honolulu Hawaii event ticketsHawaii Venues events in Hawaiitickets for events in Hawaii ha hai United States event tickets United States Venues events in United States tickets for events in United States event tickets by city","categoryType":"geo","channel":"United States","channelId":"196976","channelUrlPath":"united-states-tickets","do_not_display_flag":"0","event_types":"clubs-bars-theater-venues","fullDescription":"Honolulu, Hawaii in Hawaii Theatre","isValidCategorySearchResult":"1","keywords":"Hawaii Theatre Tickets,Hawaii Theatre event tickets,Hawaii Theatre schedule, buy, sell, ticket, Hawaii Theatre - Honolulu","leaf":"true","localeDescription":"Honolulu, Hawaii","meta_description":"Hawaii Theatre Tickets - Buy and sell Hawaii Theatre event tickets and check out the Hawaii Theatre schedule in Honolulu, HI at StubHub!","name_primary":"Hawaii Theatre - Honolulu","parent_id":"422","season_venue_flag":"0","seo_description":"Hawaii Theatre Tickets","seo_title":"Hawaii Theatre Tickets - Hawaii Theatre Events","threeLevelsUpIds":"155125 422 421","title":"Hawaii Theatre Tickets - Hawaii Theatre Schedule at StubHub!","urlpath":"hawaii-theatre-tickets","urlpathid":"497474","ancestorDescription":"Hawaii Theatre Honolulu Hawaii United States By Geography","home_team":"hawaii-theatre","date_last_modified":"2013-04-17T18:13:11Z","locale":["en_US"],"geography_meta_description":"Hawaii Theatre","venueDetailUrlPath":"hawaii-theatre","venueDetailUrlPathId":"2073637","nodeType":"Venue","ancestorGeoPath":"196976/421/422","ancestorVenuePath":"155125","ancestorGeoDescriptions":["United States","Hawaii","Honolulu"],"ancestorGeoUrls":["united-states-tickets","hawaii-tickets","honolulu-tickets"],"dateLastIndexed":"2014-09-13T12:48:31.761Z","_version_":1479134426978844672}]}}
    http_version: 
  recorded_at: Sun, 14 Sep 2014 18:44:28 GMT
- request:
    method: get
    uri: http://partner-feed.stubhub.com/listingCatalog/select/?q=localeDescription:%22SF%20Bay%20Area%22%20AND%20stubhubDocumentType:%22geo%22&rows=2&wt=json
    body:
      encoding: US-ASCII
      string: ''
    headers:
      Accept-Encoding:
      - gzip;q=1.0,deflate;q=0.6,identity;q=0.3
      Accept:
      - "*/*"
      User-Agent:
      - Ruby
      Host:
      - partner-feed.stubhub.com
  response:
    status:
      code: 200
      message: OK
    headers:
      Server:
      - Apache
      Last-Modified:
      - Sun, 14 Sep 2014 18:44:08 GMT
      Content-Length:
      - '4741'
      Expires:
      - Sun, 14 Sep 2014 20:44:28 GMT
      Content-Type:
      - application/json;charset=UTF-8
      Cache-Control:
      - max-age=7200, public
      Date:
      - Sun, 14 Sep 2014 18:44:29 GMT
      Connection:
      - keep-alive
      Set-Cookie:
      - DC=origin1;expires=Sun, 14-Sep-2014 19:14:28 GMT;path=/;domain=stubhub.com;
      - TLTHID=2892DC8E3C3F103C0B13CCA3FC1105D1; Path=/; Domain=.stubhub.com
      - TLTSID=2892DC8E3C3F103C0B13CCA3FC1105D1; Path=/; Domain=.stubhub.com
    body:
      encoding: UTF-8
      string: |
        {"responseHeader":{"status":0,"QTime":2,"params":{"q":"localeDescription:\"SF Bay Area\" AND stubhubDocumentType:\"geo\"","wt":"json","rows":"2"}},"response":{"numFound":450,"start":0,"docs":[{"stubhubDocumentType":"geo","stubhubDocumentId":"geo-186073","active":"1","deleted":"0","description":"CellSpace","desc_sort":"CellSpace","geoId":"186073","id":"186073","hidden":"1","ancestorGeoIds":"186073 81 4 196976 0","ancestorKeywords":"CellSpace seating chart box office address capacity floor plan best seats images parking directions to details information restaurants SF Bay Area event ticketsSF Bay Area Venues events in SF Bay Areatickets for events in SF Bay Area sfbay sf s.f. bay California event ticketsCalifornia Venues events in Californiatickets for events in California ca cali cal United States event tickets United States Venues events in United States tickets for events in United States event tickets by city","categoryType":"geo","channel":"United States","channelId":"196976","channelUrlPath":"united-states-tickets","do_not_display_flag":"0","fullDescription":"SF Bay Area, California in CellSpace","isValidCategorySearchResult":"1","keywords":"CellSpace seating chart, box office, address, capacity, floor plan, best seats, images, parking, directions to, details, information, restaurants","leaf":"true","localeDescription":"SF Bay Area, California","meta_description":"All the information you need on CellSpace, like seating charts, directions, box office, address. Find nearby parking, restaurants and hotels near CellSpace on StubHub!","name_primary":"CellSpace","name_secondary":"CellSpace","parent_id":"81","season_venue_flag":"0","seo_description":"CellSpace","seo_title":"CellSpace","threeLevelsUpIds":"186073 81 4","title":"CellSpace - Info and Details - StubHub!","urlpath":"cellspace-tickets","urlpathid":"748672","ancestorDescription":"CellSpace SF Bay Area California United States By Geography","date_last_modified":"2013-04-17T18:13:11Z","date_added":"2011-04-11T18:23:38Z","locale":["en_US"],"venueDetailUrlPath":"cellspace","venueDetailUrlPathId":"2075125","nodeType":"Venue","ancestorGeoPath":"196976/4/81","ancestorVenuePath":"186073","ancestorGeoDescriptions":["United States","California","SF Bay Area"],"ancestorGeoUrls":["united-states-tickets","california-tickets","sf-bay-tickets"],"dateLastIndexed":"2014-09-13T12:43:50.305Z","_version_":1479134131044483072},{"stubhubDocumentType":"geo","stubhubDocumentId":"geo-92894","active":"1","deleted":"0","description":"Cobbs Comedy Club","desc_sort":"Cobbs Comedy Club","geoId":"92894","id":"92894","hidden":"0","ancestorGeoIds":"92894 81 4 196976 0","ancestorKeywords":"Cobbs Comedy Club seating chart box office address capacity floor plan best seats images parking directions to details information restaurants SF Bay Area event ticketsSF Bay Area Venues events in SF Bay Areatickets for events in SF Bay Area sfbay sf s.f. bay California event ticketsCalifornia Venues events in Californiatickets for events in California ca cali cal United States event tickets United States Venues events in United States tickets for events in United States event tickets by city","categoryType":"geo","channel":"United States","channelId":"196976","channelUrlPath":"united-states-tickets","do_not_display_flag":"0","event_types":"clubs-bars-theater-venues","fullDescription":"SF Bay Area, California in Cobbs Comedy Club","isValidCategorySearchResult":"1","keywords":"Cobbs Comedy Club seating chart, box office, address, capacity, floor plan, best seats, images, parking, directions to, details, information, restaurants","leaf":"true","localeDescription":"SF Bay Area, California","meta_description":"All the information you need on Cobbs Comedy Club, like seating charts, directions, box office, address. Find nearby parking, restaurants and hotels near Cobbs Comedy Club on StubHub!","name_primary":"Cobbs Comedy Club","name_secondary":"Cobbs Comedy Club","parent_id":"81","season_venue_flag":"0","seo_description":"Cobbs Comedy Club","seo_title":"Cobbs Comedy Club","threeLevelsUpIds":"92894 81 4","title":"Cobbs Comedy Club - Info and Details - StubHub!","urlpath":"cobbs-comedy-club-tickets","urlpathid":"129288","ancestorDescription":"Cobbs Comedy Club SF Bay Area California United States By Geography","date_last_modified":"2013-04-17T18:13:11Z","locale":["en_US"],"venueDetailUrlPath":"cobbs-comedy-club","venueDetailUrlPathId":"2068974","nodeType":"Venue","ancestorGeoPath":"196976/4/81","ancestorVenuePath":"92894","ancestorGeoDescriptions":["United States","California","SF Bay Area"],"ancestorGeoUrls":["united-states-tickets","california-tickets","sf-bay-tickets"],"dateLastIndexed":"2014-09-13T12:43:50.305Z","_version_":1479134132009172992}]}}
    http_version: 
  recorded_at: Sun, 14 Sep 2014 18:44:29 GMT
recorded_with: VCR 2.4.0
